<!doctype html>
<html lang=en>
<title>Redirecting...</title>
<h1>Redirecting...</h1>
<p>You should be redirected automatically to the target URL: <a href="https://canonical-lgw01.cdn.snapcraftcontent.com/download-origin/canonical-lgw01/pOBIoZ2LrCB3rDohMxoYGnbN14EHOgD7_79.snap?token=1731070800_6eed2469e94c42ab39383e778408b4e330378a8f">https://canonical-lgw01.cdn.snapcraftcontent.com/download-origin/canonical-lgw01/pOBIoZ2LrCB3rDohMxoYGnbN14EHOgD7_79.snap?token=1731070800_6eed2469e94c42ab39383e778408b4e330378a8f</a>. If not, click the link.
